Tix [TixModule "Main" 1456744294 24 [0,0,0,0,0,0,0,0,0,0,0,0,1,1,1,0,0,0,0,0,0,0,0,0]]